// Vitest Snapshot v1

exports[`generateCodeFrame 1`] = `
"1  |  hi, { 'kazupon' }
   |      ^^^^^^^^^^^^^"
`;
