// Jest Snapshot v1, https://goo.gl/fbAQLP

exports[`basic hi @:name ! 1`] = `
Object {
  "body": Object {
    "end": 11,
    "items": Array [
      Object {
        "end": 3,
        "loc": Object {
          "end": Object {
            "column": 4,
            "line": 1,
            "offset": 3,
          },
          "start": Object {
            "column": 1,
            "line": 1,
            "offset": 0,
          },
        },
        "start": 0,
        "type": 3,
        "value": "hi ",
      },
      Object {
        "end": 9,
        "key": Object {
          "end": 9,
          "loc": Object {
            "end": Object {
              "column": 10,
              "line": 1,
              "offset": 9,
            },
            "start": Object {
              "column": 6,
              "line": 1,
              "offset": 5,
            },
          },
          "start": 5,
          "type": 7,
          "value": "name",
        },
        "loc": Object {
          "end": Object {
            "column": 10,
            "line": 1,
            "offset": 9,
          },
          "start": Object {
            "column": 4,
            "line": 1,
            "offset": 3,
          },
        },
        "start": 3,
        "type": 6,
      },
      Object {
        "end": 11,
        "loc": Object {
          "end": Object {
            "column": 12,
            "line": 1,
            "offset": 11,
          },
          "start": Object {
            "column": 10,
            "line": 1,
            "offset": 9,
          },
        },
        "start": 9,
        "type": 3,
        "value": " !",
      },
    ],
    "loc": Object {
      "end": Object {
        "column": 12,
        "line": 1,
        "offset": 11,
      },
      "start": Object {
        "column": 1,
        "line": 1,
        "offset": 0,
      },
    },
    "start": 0,
    "type": 2,
  },
  "end": 11,
  "loc": Object {
    "end": Object {
      "column": 12,
      "line": 1,
      "offset": 11,
    },
    "source": "hi @:name !",
    "start": Object {
      "column": 1,
      "line": 1,
      "offset": 0,
    },
  },
  "start": 0,
  "type": 0,
}
`;

exports[`literal key hi @:{'hello world'} ! 1`] = `
Object {
  "body": Object {
    "end": 22,
    "items": Array [
      Object {
        "end": 3,
        "loc": Object {
          "end": Object {
            "column": 4,
            "line": 1,
            "offset": 3,
          },
          "start": Object {
            "column": 1,
            "line": 1,
            "offset": 0,
          },
        },
        "start": 0,
        "type": 3,
        "value": "hi ",
      },
      Object {
        "end": 20,
        "key": Object {
          "end": 20,
          "loc": Object {
            "end": Object {
              "column": 21,
              "line": 1,
              "offset": 20,
            },
            "start": Object {
              "column": 6,
              "line": 1,
              "offset": 5,
            },
          },
          "start": 5,
          "type": 9,
          "value": "hello world",
        },
        "loc": Object {
          "end": Object {
            "column": 21,
            "line": 1,
            "offset": 20,
          },
          "start": Object {
            "column": 4,
            "line": 1,
            "offset": 3,
          },
        },
        "start": 3,
        "type": 6,
      },
      Object {
        "end": 22,
        "loc": Object {
          "end": Object {
            "column": 23,
            "line": 1,
            "offset": 22,
          },
          "start": Object {
            "column": 21,
            "line": 1,
            "offset": 20,
          },
        },
        "start": 20,
        "type": 3,
        "value": " !",
      },
    ],
    "loc": Object {
      "end": Object {
        "column": 23,
        "line": 1,
        "offset": 22,
      },
      "start": Object {
        "column": 1,
        "line": 1,
        "offset": 0,
      },
    },
    "start": 0,
    "type": 2,
  },
  "end": 22,
  "loc": Object {
    "end": Object {
      "column": 23,
      "line": 1,
      "offset": 22,
    },
    "source": "hi @:{'hello world'} !",
    "start": Object {
      "column": 1,
      "line": 1,
      "offset": 0,
    },
  },
  "start": 0,
  "type": 0,
}
`;

exports[`modifier hi @.upper:name ! 1`] = `
Object {
  "body": Object {
    "end": 19,
    "items": Array [
      Object {
        "end": 3,
        "loc": Object {
          "end": Object {
            "column": 4,
            "line": 1,
            "offset": 3,
          },
          "start": Object {
            "column": 1,
            "line": 1,
            "offset": 0,
          },
        },
        "start": 0,
        "type": 3,
        "value": "hi ",
      },
      Object {
        "end": 17,
        "key": Object {
          "end": 17,
          "key": "name",
          "loc": Object {
            "end": Object {
              "column": 18,
              "line": 1,
              "offset": 17,
            },
            "start": Object {
              "column": 12,
              "line": 1,
              "offset": 11,
            },
          },
          "start": 11,
          "type": 4,
        },
        "loc": Object {
          "end": Object {
            "column": 18,
            "line": 1,
            "offset": 17,
          },
          "start": Object {
            "column": 4,
            "line": 1,
            "offset": 3,
          },
        },
        "modifier": Object {
          "end": 10,
          "loc": Object {
            "end": Object {
              "column": 11,
              "line": 1,
              "offset": 10,
            },
            "start": Object {
              "column": 5,
              "line": 1,
              "offset": 4,
            },
          },
          "start": 4,
          "type": 8,
          "value": "upper",
        },
        "start": 3,
        "type": 6,
      },
      Object {
        "end": 19,
        "loc": Object {
          "end": Object {
            "column": 20,
            "line": 1,
            "offset": 19,
          },
          "start": Object {
            "column": 18,
            "line": 1,
            "offset": 17,
          },
        },
        "start": 17,
        "type": 3,
        "value": " !",
      },
    ],
    "loc": Object {
      "end": Object {
        "column": 20,
        "line": 1,
        "offset": 19,
      },
      "start": Object {
        "column": 1,
        "line": 1,
        "offset": 0,
      },
    },
    "start": 0,
    "type": 2,
  },
  "end": 19,
  "loc": Object {
    "end": Object {
      "column": 20,
      "line": 1,
      "offset": 19,
    },
    "source": "hi @.upper:{name} !",
    "start": Object {
      "column": 1,
      "line": 1,
      "offset": 0,
    },
  },
  "start": 0,
  "type": 0,
}
`;

exports[`multiple hi @:{name} @:{0}! 1`] = `
Object {
  "body": Object {
    "end": 18,
    "items": Array [
      Object {
        "end": 3,
        "loc": Object {
          "end": Object {
            "column": 4,
            "line": 1,
            "offset": 3,
          },
          "start": Object {
            "column": 1,
            "line": 1,
            "offset": 0,
          },
        },
        "start": 0,
        "type": 3,
        "value": "hi ",
      },
      Object {
        "end": 11,
        "key": Object {
          "end": 11,
          "key": "name",
          "loc": Object {
            "end": Object {
              "column": 12,
              "line": 1,
              "offset": 11,
            },
            "start": Object {
              "column": 6,
              "line": 1,
              "offset": 5,
            },
          },
          "start": 5,
          "type": 4,
        },
        "loc": Object {
          "end": Object {
            "column": 12,
            "line": 1,
            "offset": 11,
          },
          "start": Object {
            "column": 4,
            "line": 1,
            "offset": 3,
          },
        },
        "start": 3,
        "type": 6,
      },
      Object {
        "end": 12,
        "loc": Object {
          "end": Object {
            "column": 13,
            "line": 1,
            "offset": 12,
          },
          "start": Object {
            "column": 12,
            "line": 1,
            "offset": 11,
          },
        },
        "start": 11,
        "type": 3,
        "value": " ",
      },
      Object {
        "end": 17,
        "key": Object {
          "end": 17,
          "index": 0,
          "loc": Object {
            "end": Object {
              "column": 18,
              "line": 1,
              "offset": 17,
            },
            "start": Object {
              "column": 15,
              "line": 1,
              "offset": 14,
            },
          },
          "start": 14,
          "type": 5,
        },
        "loc": Object {
          "end": Object {
            "column": 18,
            "line": 1,
            "offset": 17,
          },
          "start": Object {
            "column": 13,
            "line": 1,
            "offset": 12,
          },
        },
        "start": 12,
        "type": 6,
      },
      Object {
        "end": 18,
        "loc": Object {
          "end": Object {
            "column": 19,
            "line": 1,
            "offset": 18,
          },
          "start": Object {
            "column": 18,
            "line": 1,
            "offset": 17,
          },
        },
        "start": 17,
        "type": 3,
        "value": "!",
      },
    ],
    "loc": Object {
      "end": Object {
        "column": 19,
        "line": 1,
        "offset": 18,
      },
      "start": Object {
        "column": 1,
        "line": 1,
        "offset": 0,
      },
    },
    "start": 0,
    "type": 2,
  },
  "end": 18,
  "loc": Object {
    "end": Object {
      "column": 19,
      "line": 1,
      "offset": 18,
    },
    "source": "hi @:{name} @:{0}!",
    "start": Object {
      "column": 1,
      "line": 1,
      "offset": 0,
    },
  },
  "start": 0,
  "type": 0,
}
`;

exports[`terminated with new line hi @:{name}
 ! 1`] = `
Object {
  "body": Object {
    "end": 14,
    "items": Array [
      Object {
        "end": 3,
        "loc": Object {
          "end": Object {
            "column": 4,
            "line": 1,
            "offset": 3,
          },
          "start": Object {
            "column": 1,
            "line": 1,
            "offset": 0,
          },
        },
        "start": 0,
        "type": 3,
        "value": "hi ",
      },
      Object {
        "end": 11,
        "key": Object {
          "end": 11,
          "key": "name",
          "loc": Object {
            "end": Object {
              "column": 12,
              "line": 1,
              "offset": 11,
            },
            "start": Object {
              "column": 6,
              "line": 1,
              "offset": 5,
            },
          },
          "start": 5,
          "type": 4,
        },
        "loc": Object {
          "end": Object {
            "column": 12,
            "line": 1,
            "offset": 11,
          },
          "start": Object {
            "column": 4,
            "line": 1,
            "offset": 3,
          },
        },
        "start": 3,
        "type": 6,
      },
      Object {
        "end": 14,
        "loc": Object {
          "end": Object {
            "column": 3,
            "line": 2,
            "offset": 14,
          },
          "start": Object {
            "column": 12,
            "line": 1,
            "offset": 11,
          },
        },
        "start": 11,
        "type": 3,
        "value": "
 !",
      },
    ],
    "loc": Object {
      "end": Object {
        "column": 3,
        "line": 2,
        "offset": 14,
      },
      "start": Object {
        "column": 1,
        "line": 1,
        "offset": 0,
      },
    },
    "start": 0,
    "type": 2,
  },
  "end": 14,
  "loc": Object {
    "end": Object {
      "column": 3,
      "line": 2,
      "offset": 14,
    },
    "source": "hi @:{name}
 !",
    "start": Object {
      "column": 1,
      "line": 1,
      "offset": 0,
    },
  },
  "start": 0,
  "type": 0,
}
`;
