// Jest Snapshot v1, https://goo.gl/fbAQLP

exports[`basic hi {0} ! 1`] = `
Object {
  "body": Object {
    "end": 8,
    "items": Array [
      Object {
        "end": 3,
        "loc": Object {
          "end": Object {
            "column": 4,
            "line": 1,
            "offset": 3,
          },
          "start": Object {
            "column": 1,
            "line": 1,
            "offset": 0,
          },
        },
        "start": 0,
        "type": 3,
        "value": "hi ",
      },
      Object {
        "end": 6,
        "index": 0,
        "loc": Object {
          "end": Object {
            "column": 7,
            "line": 1,
            "offset": 6,
          },
          "start": Object {
            "column": 4,
            "line": 1,
            "offset": 3,
          },
        },
        "start": 3,
        "type": 5,
      },
      Object {
        "end": 8,
        "loc": Object {
          "end": Object {
            "column": 9,
            "line": 1,
            "offset": 8,
          },
          "start": Object {
            "column": 7,
            "line": 1,
            "offset": 6,
          },
        },
        "start": 6,
        "type": 3,
        "value": " !",
      },
    ],
    "loc": Object {
      "end": Object {
        "column": 9,
        "line": 1,
        "offset": 8,
      },
      "start": Object {
        "column": 1,
        "line": 1,
        "offset": 0,
      },
    },
    "start": 0,
    "type": 2,
  },
  "end": 8,
  "loc": Object {
    "end": Object {
      "column": 9,
      "line": 1,
      "offset": 8,
    },
    "source": "hi {0} !",
    "start": Object {
      "column": 1,
      "line": 1,
      "offset": 0,
    },
  },
  "start": 0,
  "type": 0,
}
`;

exports[`errors nest placeholder: 'hi {{0}} !' 1`] = `
Object {
  "body": Object {
    "end": 10,
    "items": Array [
      Object {
        "end": 3,
        "loc": Object {
          "end": Object {
            "column": 4,
            "line": 1,
            "offset": 3,
          },
          "start": Object {
            "column": 1,
            "line": 1,
            "offset": 0,
          },
        },
        "start": 0,
        "type": 3,
        "value": "hi ",
      },
      Object {
        "end": 7,
        "index": 0,
        "loc": Object {
          "end": Object {
            "column": 8,
            "line": 1,
            "offset": 7,
          },
          "start": Object {
            "column": 5,
            "line": 1,
            "offset": 4,
          },
        },
        "start": 4,
        "type": 5,
      },
      Object {
        "end": 10,
        "loc": Object {
          "end": Object {
            "column": 11,
            "line": 1,
            "offset": 10,
          },
          "start": Object {
            "column": 9,
            "line": 1,
            "offset": 8,
          },
        },
        "start": 8,
        "type": 3,
        "value": " !",
      },
    ],
    "loc": Object {
      "end": Object {
        "column": 11,
        "line": 1,
        "offset": 10,
      },
      "start": Object {
        "column": 1,
        "line": 1,
        "offset": 0,
      },
    },
    "start": 0,
    "type": 2,
  },
  "end": 10,
  "loc": Object {
    "end": Object {
      "column": 11,
      "line": 1,
      "offset": 10,
    },
    "source": "hi {{0}} !",
    "start": Object {
      "column": 1,
      "line": 1,
      "offset": 0,
    },
  },
  "start": 0,
  "type": 0,
}
`;

exports[`errors not close brace included spaces: 'hi {  0 !' 1`] = `
Object {
  "body": Object {
    "end": 9,
    "items": Array [
      Object {
        "end": 3,
        "loc": Object {
          "end": Object {
            "column": 4,
            "line": 1,
            "offset": 3,
          },
          "start": Object {
            "column": 1,
            "line": 1,
            "offset": 0,
          },
        },
        "start": 0,
        "type": 3,
        "value": "hi ",
      },
      Object {
        "end": 9,
        "index": 0,
        "loc": Object {
          "end": Object {
            "column": 10,
            "line": 1,
            "offset": 9,
          },
          "start": Object {
            "column": 4,
            "line": 1,
            "offset": 3,
          },
        },
        "start": 3,
        "type": 5,
      },
    ],
    "loc": Object {
      "end": Object {
        "column": 10,
        "line": 1,
        "offset": 9,
      },
      "start": Object {
        "column": 1,
        "line": 1,
        "offset": 0,
      },
    },
    "start": 0,
    "type": 2,
  },
  "end": 9,
  "loc": Object {
    "end": Object {
      "column": 10,
      "line": 1,
      "offset": 9,
    },
    "source": "hi {  0 !",
    "start": Object {
      "column": 1,
      "line": 1,
      "offset": 0,
    },
  },
  "start": 0,
  "type": 0,
}
`;

exports[`errors not close brace with EOF: 'hi {0' 1`] = `
Object {
  "body": Object {
    "end": 5,
    "items": Array [
      Object {
        "end": 3,
        "loc": Object {
          "end": Object {
            "column": 4,
            "line": 1,
            "offset": 3,
          },
          "start": Object {
            "column": 1,
            "line": 1,
            "offset": 0,
          },
        },
        "start": 0,
        "type": 3,
        "value": "hi ",
      },
      Object {
        "end": 5,
        "index": 0,
        "loc": Object {
          "end": Object {
            "column": 6,
            "line": 1,
            "offset": 5,
          },
          "start": Object {
            "column": 4,
            "line": 1,
            "offset": 3,
          },
        },
        "start": 3,
        "type": 5,
      },
    ],
    "loc": Object {
      "end": Object {
        "column": 6,
        "line": 1,
        "offset": 5,
      },
      "start": Object {
        "column": 1,
        "line": 1,
        "offset": 0,
      },
    },
    "start": 0,
    "type": 2,
  },
  "end": 5,
  "loc": Object {
    "end": Object {
      "column": 6,
      "line": 1,
      "offset": 5,
    },
    "source": "hi {0",
    "start": Object {
      "column": 1,
      "line": 1,
      "offset": 0,
    },
  },
  "start": 0,
  "type": 0,
}
`;

exports[`errors not close brace: 'hi {0 !' 1`] = `
Object {
  "body": Object {
    "end": 7,
    "items": Array [
      Object {
        "end": 3,
        "loc": Object {
          "end": Object {
            "column": 4,
            "line": 1,
            "offset": 3,
          },
          "start": Object {
            "column": 1,
            "line": 1,
            "offset": 0,
          },
        },
        "start": 0,
        "type": 3,
        "value": "hi ",
      },
      Object {
        "end": 7,
        "index": 0,
        "loc": Object {
          "end": Object {
            "column": 8,
            "line": 1,
            "offset": 7,
          },
          "start": Object {
            "column": 4,
            "line": 1,
            "offset": 3,
          },
        },
        "start": 3,
        "type": 5,
      },
    ],
    "loc": Object {
      "end": Object {
        "column": 8,
        "line": 1,
        "offset": 7,
      },
      "start": Object {
        "column": 1,
        "line": 1,
        "offset": 0,
      },
    },
    "start": 0,
    "type": 2,
  },
  "end": 7,
  "loc": Object {
    "end": Object {
      "column": 8,
      "line": 1,
      "offset": 7,
    },
    "source": "hi {0 !",
    "start": Object {
      "column": 1,
      "line": 1,
      "offset": 0,
    },
  },
  "start": 0,
  "type": 0,
}
`;

exports[`errors space in nest placeholder: 'hi { { 0 } } !' 1`] = `
Object {
  "body": Object {
    "end": 14,
    "items": Array [
      Object {
        "end": 3,
        "loc": Object {
          "end": Object {
            "column": 4,
            "line": 1,
            "offset": 3,
          },
          "start": Object {
            "column": 1,
            "line": 1,
            "offset": 0,
          },
        },
        "start": 0,
        "type": 3,
        "value": "hi ",
      },
      Object {
        "end": 11,
        "index": 0,
        "loc": Object {
          "end": Object {
            "column": 12,
            "line": 1,
            "offset": 11,
          },
          "start": Object {
            "column": 6,
            "line": 1,
            "offset": 5,
          },
        },
        "start": 5,
        "type": 5,
      },
      Object {
        "end": 14,
        "loc": Object {
          "end": Object {
            "column": 15,
            "line": 1,
            "offset": 14,
          },
          "start": Object {
            "column": 13,
            "line": 1,
            "offset": 12,
          },
        },
        "start": 12,
        "type": 3,
        "value": " !",
      },
    ],
    "loc": Object {
      "end": Object {
        "column": 15,
        "line": 1,
        "offset": 14,
      },
      "start": Object {
        "column": 1,
        "line": 1,
        "offset": 0,
      },
    },
    "start": 0,
    "type": 2,
  },
  "end": 14,
  "loc": Object {
    "end": Object {
      "column": 15,
      "line": 1,
      "offset": 14,
    },
    "source": "hi { { 0 } } !",
    "start": Object {
      "column": 1,
      "line": 1,
      "offset": 0,
    },
  },
  "start": 0,
  "type": 0,
}
`;

exports[`multiline {0} {1}ã€€{2} 1`] = `
Object {
  "body": Object {
    "end": 11,
    "items": Array [
      Object {
        "end": 3,
        "index": 0,
        "loc": Object {
          "end": Object {
            "column": 4,
            "line": 1,
            "offset": 3,
          },
          "start": Object {
            "column": 1,
            "line": 1,
            "offset": 0,
          },
        },
        "start": 0,
        "type": 5,
      },
      Object {
        "end": 4,
        "loc": Object {
          "end": Object {
            "column": 5,
            "line": 1,
            "offset": 4,
          },
          "start": Object {
            "column": 4,
            "line": 1,
            "offset": 3,
          },
        },
        "start": 3,
        "type": 3,
        "value": " ",
      },
      Object {
        "end": 7,
        "index": 1,
        "loc": Object {
          "end": Object {
            "column": 8,
            "line": 1,
            "offset": 7,
          },
          "start": Object {
            "column": 5,
            "line": 1,
            "offset": 4,
          },
        },
        "start": 4,
        "type": 5,
      },
      Object {
        "end": 8,
        "loc": Object {
          "end": Object {
            "column": 9,
            "line": 1,
            "offset": 8,
          },
          "start": Object {
            "column": 8,
            "line": 1,
            "offset": 7,
          },
        },
        "start": 7,
        "type": 3,
        "value": "ã€€",
      },
      Object {
        "end": 11,
        "index": 2,
        "loc": Object {
          "end": Object {
            "column": 12,
            "line": 1,
            "offset": 11,
          },
          "start": Object {
            "column": 9,
            "line": 1,
            "offset": 8,
          },
        },
        "start": 8,
        "type": 5,
      },
    ],
    "loc": Object {
      "end": Object {
        "column": 12,
        "line": 1,
        "offset": 11,
      },
      "start": Object {
        "column": 1,
        "line": 1,
        "offset": 0,
      },
    },
    "start": 0,
    "type": 2,
  },
  "end": 11,
  "loc": Object {
    "end": Object {
      "column": 12,
      "line": 1,
      "offset": 11,
    },
    "source": "{0} {1}ã€€{2}",
    "start": Object {
      "column": 1,
      "line": 1,
      "offset": 0,
    },
  },
  "start": 0,
  "type": 0,
}
`;

exports[`new lines in placeholder {0}
{1}
{2} 1`] = `
Object {
  "body": Object {
    "end": 11,
    "items": Array [
      Object {
        "end": 3,
        "index": 0,
        "loc": Object {
          "end": Object {
            "column": 4,
            "line": 1,
            "offset": 3,
          },
          "start": Object {
            "column": 1,
            "line": 1,
            "offset": 0,
          },
        },
        "start": 0,
        "type": 5,
      },
      Object {
        "end": 4,
        "loc": Object {
          "end": Object {
            "column": 1,
            "line": 2,
            "offset": 4,
          },
          "start": Object {
            "column": 4,
            "line": 1,
            "offset": 3,
          },
        },
        "start": 3,
        "type": 3,
        "value": "
",
      },
      Object {
        "end": 7,
        "index": 1,
        "loc": Object {
          "end": Object {
            "column": 4,
            "line": 2,
            "offset": 7,
          },
          "start": Object {
            "column": 1,
            "line": 2,
            "offset": 4,
          },
        },
        "start": 4,
        "type": 5,
      },
      Object {
        "end": 8,
        "loc": Object {
          "end": Object {
            "column": 1,
            "line": 3,
            "offset": 8,
          },
          "start": Object {
            "column": 4,
            "line": 2,
            "offset": 7,
          },
        },
        "start": 7,
        "type": 3,
        "value": "
",
      },
      Object {
        "end": 11,
        "index": 2,
        "loc": Object {
          "end": Object {
            "column": 4,
            "line": 3,
            "offset": 11,
          },
          "start": Object {
            "column": 1,
            "line": 3,
            "offset": 8,
          },
        },
        "start": 8,
        "type": 5,
      },
    ],
    "loc": Object {
      "end": Object {
        "column": 4,
        "line": 3,
        "offset": 11,
      },
      "start": Object {
        "column": 1,
        "line": 1,
        "offset": 0,
      },
    },
    "start": 0,
    "type": 2,
  },
  "end": 11,
  "loc": Object {
    "end": Object {
      "column": 4,
      "line": 3,
      "offset": 11,
    },
    "source": "{0}
{1}
{2}",
    "start": Object {
      "column": 1,
      "line": 1,
      "offset": 0,
    },
  },
  "start": 0,
  "type": 0,
}
`;

exports[`whitespaces in placeholder hi {  -1 } ! 1`] = `
Object {
  "body": Object {
    "end": 12,
    "items": Array [
      Object {
        "end": 3,
        "loc": Object {
          "end": Object {
            "column": 4,
            "line": 1,
            "offset": 3,
          },
          "start": Object {
            "column": 1,
            "line": 1,
            "offset": 0,
          },
        },
        "start": 0,
        "type": 3,
        "value": "hi ",
      },
      Object {
        "end": 10,
        "index": -1,
        "loc": Object {
          "end": Object {
            "column": 11,
            "line": 1,
            "offset": 10,
          },
          "start": Object {
            "column": 4,
            "line": 1,
            "offset": 3,
          },
        },
        "start": 3,
        "type": 5,
      },
      Object {
        "end": 12,
        "loc": Object {
          "end": Object {
            "column": 13,
            "line": 1,
            "offset": 12,
          },
          "start": Object {
            "column": 11,
            "line": 1,
            "offset": 10,
          },
        },
        "start": 10,
        "type": 3,
        "value": " !",
      },
    ],
    "loc": Object {
      "end": Object {
        "column": 13,
        "line": 1,
        "offset": 12,
      },
      "start": Object {
        "column": 1,
        "line": 1,
        "offset": 0,
      },
    },
    "start": 0,
    "type": 2,
  },
  "end": 12,
  "loc": Object {
    "end": Object {
      "column": 13,
      "line": 1,
      "offset": 12,
    },
    "source": "hi {  -1 } !",
    "start": Object {
      "column": 1,
      "line": 1,
      "offset": 0,
    },
  },
  "start": 0,
  "type": 0,
}
`;
