// Jest Snapshot v1, https://goo.gl/fbAQLP

exports[`emoji üò∫ 1`] = `
Object {
  "body": Object {
    "end": 2,
    "items": Array [
      Object {
        "end": 2,
        "loc": Object {
          "end": Object {
            "column": 3,
            "line": 1,
            "offset": 2,
          },
          "start": Object {
            "column": 1,
            "line": 1,
            "offset": 0,
          },
        },
        "start": 0,
        "type": 3,
        "value": "üò∫",
      },
    ],
    "loc": Object {
      "end": Object {
        "column": 3,
        "line": 1,
        "offset": 2,
      },
      "start": Object {
        "column": 1,
        "line": 1,
        "offset": 0,
      },
    },
    "start": 0,
    "type": 2,
  },
  "end": 2,
  "loc": Object {
    "end": Object {
      "column": 3,
      "line": 1,
      "offset": 2,
    },
    "source": "üò∫",
    "start": Object {
      "column": 1,
      "line": 1,
      "offset": 0,
    },
  },
  "start": 0,
  "type": 0,
}
`;

exports[`multi bytes „Åì„Çì„Å´„Å°„ÅØ„ÄÅ‰∏ñÁïå 1`] = `
Object {
  "body": Object {
    "end": 8,
    "items": Array [
      Object {
        "end": 8,
        "loc": Object {
          "end": Object {
            "column": 9,
            "line": 1,
            "offset": 8,
          },
          "start": Object {
            "column": 1,
            "line": 1,
            "offset": 0,
          },
        },
        "start": 0,
        "type": 3,
        "value": "„Åì„Çì„Å´„Å°„ÅØ„ÄÅ‰∏ñÁïå",
      },
    ],
    "loc": Object {
      "end": Object {
        "column": 9,
        "line": 1,
        "offset": 8,
      },
      "start": Object {
        "column": 1,
        "line": 1,
        "offset": 0,
      },
    },
    "start": 0,
    "type": 2,
  },
  "end": 8,
  "loc": Object {
    "end": Object {
      "column": 9,
      "line": 1,
      "offset": 8,
    },
    "source": "„Åì„Çì„Å´„Å°„ÅØ„ÄÅ‰∏ñÁïå",
    "start": Object {
      "column": 1,
      "line": 1,
      "offset": 0,
    },
  },
  "start": 0,
  "type": 0,
}
`;

exports[`simple hello,world 1`] = `
Object {
  "body": Object {
    "end": 11,
    "items": Array [
      Object {
        "end": 11,
        "loc": Object {
          "end": Object {
            "column": 12,
            "line": 1,
            "offset": 11,
          },
          "start": Object {
            "column": 1,
            "line": 1,
            "offset": 0,
          },
        },
        "start": 0,
        "type": 3,
        "value": "hello,world",
      },
    ],
    "loc": Object {
      "end": Object {
        "column": 12,
        "line": 1,
        "offset": 11,
      },
      "start": Object {
        "column": 1,
        "line": 1,
        "offset": 0,
      },
    },
    "start": 0,
    "type": 2,
  },
  "end": 11,
  "loc": Object {
    "end": Object {
      "column": 12,
      "line": 1,
      "offset": 11,
    },
    "source": "hello,world",
    "start": Object {
      "column": 1,
      "line": 1,
      "offset": 0,
    },
  },
  "start": 0,
  "type": 0,
}
`;

exports[`special characters empty string: '' 1`] = `
Object {
  "body": Object {
    "end": 0,
    "items": Array [],
    "loc": Object {
      "end": Object {
        "column": 1,
        "line": 1,
        "offset": 0,
      },
      "start": Object {
        "column": 1,
        "line": 1,
        "offset": 0,
      },
    },
    "start": 0,
    "type": 2,
  },
  "end": 0,
  "loc": Object {
    "end": Object {
      "column": 1,
      "line": 1,
      "offset": 0,
    },
    "source": "",
    "start": Object {
      "column": 1,
      "line": 1,
      "offset": 0,
    },
  },
  "start": 0,
  "type": 0,
}
`;

exports[`special characters include ampersand '&': 'Tom & Jerry' 1`] = `
Object {
  "body": Object {
    "end": 11,
    "items": Array [
      Object {
        "end": 11,
        "loc": Object {
          "end": Object {
            "column": 12,
            "line": 1,
            "offset": 11,
          },
          "start": Object {
            "column": 1,
            "line": 1,
            "offset": 0,
          },
        },
        "start": 0,
        "type": 3,
        "value": "Tom & Jerry",
      },
    ],
    "loc": Object {
      "end": Object {
        "column": 12,
        "line": 1,
        "offset": 11,
      },
      "start": Object {
        "column": 1,
        "line": 1,
        "offset": 0,
      },
    },
    "start": 0,
    "type": 2,
  },
  "end": 11,
  "loc": Object {
    "end": Object {
      "column": 12,
      "line": 1,
      "offset": 11,
    },
    "source": "Tom & Jerry",
    "start": Object {
      "column": 1,
      "line": 1,
      "offset": 0,
    },
  },
  "start": 0,
  "type": 0,
}
`;

exports[`special characters include asterisk '*': '3 * 4' 1`] = `
Object {
  "body": Object {
    "end": 5,
    "items": Array [
      Object {
        "end": 5,
        "loc": Object {
          "end": Object {
            "column": 6,
            "line": 1,
            "offset": 5,
          },
          "start": Object {
            "column": 1,
            "line": 1,
            "offset": 0,
          },
        },
        "start": 0,
        "type": 3,
        "value": "3 * 4",
      },
    ],
    "loc": Object {
      "end": Object {
        "column": 6,
        "line": 1,
        "offset": 5,
      },
      "start": Object {
        "column": 1,
        "line": 1,
        "offset": 0,
      },
    },
    "start": 0,
    "type": 2,
  },
  "end": 5,
  "loc": Object {
    "end": Object {
      "column": 6,
      "line": 1,
      "offset": 5,
    },
    "source": "3 * 4",
    "start": Object {
      "column": 1,
      "line": 1,
      "offset": 0,
    },
  },
  "start": 0,
  "type": 0,
}
`;

exports[`special characters include caret '^': 'up^' 1`] = `
Object {
  "body": Object {
    "end": 3,
    "items": Array [
      Object {
        "end": 3,
        "loc": Object {
          "end": Object {
            "column": 4,
            "line": 1,
            "offset": 3,
          },
          "start": Object {
            "column": 1,
            "line": 1,
            "offset": 0,
          },
        },
        "start": 0,
        "type": 3,
        "value": "up^",
      },
    ],
    "loc": Object {
      "end": Object {
        "column": 4,
        "line": 1,
        "offset": 3,
      },
      "start": Object {
        "column": 1,
        "line": 1,
        "offset": 0,
      },
    },
    "start": 0,
    "type": 2,
  },
  "end": 3,
  "loc": Object {
    "end": Object {
      "column": 4,
      "line": 1,
      "offset": 3,
    },
    "source": "up^",
    "start": Object {
      "column": 1,
      "line": 1,
      "offset": 0,
    },
  },
  "start": 0,
  "type": 0,
}
`;

exports[`special characters include close braket ']': 'land ] bridge' 1`] = `
Object {
  "body": Object {
    "end": 13,
    "items": Array [
      Object {
        "end": 13,
        "loc": Object {
          "end": Object {
            "column": 14,
            "line": 1,
            "offset": 13,
          },
          "start": Object {
            "column": 1,
            "line": 1,
            "offset": 0,
          },
        },
        "start": 0,
        "type": 3,
        "value": "land ] bridge",
      },
    ],
    "loc": Object {
      "end": Object {
        "column": 14,
        "line": 1,
        "offset": 13,
      },
      "start": Object {
        "column": 1,
        "line": 1,
        "offset": 0,
      },
    },
    "start": 0,
    "type": 2,
  },
  "end": 13,
  "loc": Object {
    "end": Object {
      "column": 14,
      "line": 1,
      "offset": 13,
    },
    "source": "land ] bridge",
    "start": Object {
      "column": 1,
      "line": 1,
      "offset": 0,
    },
  },
  "start": 0,
  "type": 0,
}
`;

exports[`special characters include close paren ')': 'hello :-)' 1`] = `
Object {
  "body": Object {
    "end": 9,
    "items": Array [
      Object {
        "end": 9,
        "loc": Object {
          "end": Object {
            "column": 10,
            "line": 1,
            "offset": 9,
          },
          "start": Object {
            "column": 1,
            "line": 1,
            "offset": 0,
          },
        },
        "start": 0,
        "type": 3,
        "value": "hello :-)",
      },
    ],
    "loc": Object {
      "end": Object {
        "column": 10,
        "line": 1,
        "offset": 9,
      },
      "start": Object {
        "column": 1,
        "line": 1,
        "offset": 0,
      },
    },
    "start": 0,
    "type": 2,
  },
  "end": 9,
  "loc": Object {
    "end": Object {
      "column": 10,
      "line": 1,
      "offset": 9,
    },
    "source": "hello :-)",
    "start": Object {
      "column": 1,
      "line": 1,
      "offset": 0,
    },
  },
  "start": 0,
  "type": 0,
}
`;

exports[`special characters include colon ':': 'hello: kazupon !' 1`] = `
Object {
  "body": Object {
    "end": 16,
    "items": Array [
      Object {
        "end": 16,
        "loc": Object {
          "end": Object {
            "column": 17,
            "line": 1,
            "offset": 16,
          },
          "start": Object {
            "column": 1,
            "line": 1,
            "offset": 0,
          },
        },
        "start": 0,
        "type": 3,
        "value": "hello: kazupon !",
      },
    ],
    "loc": Object {
      "end": Object {
        "column": 17,
        "line": 1,
        "offset": 16,
      },
      "start": Object {
        "column": 1,
        "line": 1,
        "offset": 0,
      },
    },
    "start": 0,
    "type": 2,
  },
  "end": 16,
  "loc": Object {
    "end": Object {
      "column": 17,
      "line": 1,
      "offset": 16,
    },
    "source": "hello: kazupon !",
    "start": Object {
      "column": 1,
      "line": 1,
      "offset": 0,
    },
  },
  "start": 0,
  "type": 0,
}
`;

exports[`special characters include comma ',': 'hi, kazupon' 1`] = `
Object {
  "body": Object {
    "end": 11,
    "items": Array [
      Object {
        "end": 11,
        "loc": Object {
          "end": Object {
            "column": 12,
            "line": 1,
            "offset": 11,
          },
          "start": Object {
            "column": 1,
            "line": 1,
            "offset": 0,
          },
        },
        "start": 0,
        "type": 3,
        "value": "hi, kazupon",
      },
    ],
    "loc": Object {
      "end": Object {
        "column": 12,
        "line": 1,
        "offset": 11,
      },
      "start": Object {
        "column": 1,
        "line": 1,
        "offset": 0,
      },
    },
    "start": 0,
    "type": 2,
  },
  "end": 11,
  "loc": Object {
    "end": Object {
      "column": 12,
      "line": 1,
      "offset": 11,
    },
    "source": "hi, kazupon",
    "start": Object {
      "column": 1,
      "line": 1,
      "offset": 0,
    },
  },
  "start": 0,
  "type": 0,
}
`;

exports[`special characters include dollar '$': 'hi, $jquery !' 1`] = `
Object {
  "body": Object {
    "end": 13,
    "items": Array [
      Object {
        "end": 13,
        "loc": Object {
          "end": Object {
            "column": 14,
            "line": 1,
            "offset": 13,
          },
          "start": Object {
            "column": 1,
            "line": 1,
            "offset": 0,
          },
        },
        "start": 0,
        "type": 3,
        "value": "hi, $jquery !",
      },
    ],
    "loc": Object {
      "end": Object {
        "column": 14,
        "line": 1,
        "offset": 13,
      },
      "start": Object {
        "column": 1,
        "line": 1,
        "offset": 0,
      },
    },
    "start": 0,
    "type": 2,
  },
  "end": 13,
  "loc": Object {
    "end": Object {
      "column": 14,
      "line": 1,
      "offset": 13,
    },
    "source": "hi, $jquery !",
    "start": Object {
      "column": 1,
      "line": 1,
      "offset": 0,
    },
  },
  "start": 0,
  "type": 0,
}
`;

exports[`special characters include dot '.': 'oh my god ...' 1`] = `
Object {
  "body": Object {
    "end": 13,
    "items": Array [
      Object {
        "end": 13,
        "loc": Object {
          "end": Object {
            "column": 14,
            "line": 1,
            "offset": 13,
          },
          "start": Object {
            "column": 1,
            "line": 1,
            "offset": 0,
          },
        },
        "start": 0,
        "type": 3,
        "value": "oh my god ...",
      },
    ],
    "loc": Object {
      "end": Object {
        "column": 14,
        "line": 1,
        "offset": 13,
      },
      "start": Object {
        "column": 1,
        "line": 1,
        "offset": 0,
      },
    },
    "start": 0,
    "type": 2,
  },
  "end": 13,
  "loc": Object {
    "end": Object {
      "column": 14,
      "line": 1,
      "offset": 13,
    },
    "source": "oh my god ...",
    "start": Object {
      "column": 1,
      "line": 1,
      "offset": 0,
    },
  },
  "start": 0,
  "type": 0,
}
`;

exports[`special characters include double quote '"': '"awesome" !' 1`] = `
Object {
  "body": Object {
    "end": 11,
    "items": Array [
      Object {
        "end": 11,
        "loc": Object {
          "end": Object {
            "column": 12,
            "line": 1,
            "offset": 11,
          },
          "start": Object {
            "column": 1,
            "line": 1,
            "offset": 0,
          },
        },
        "start": 0,
        "type": 3,
        "value": "\\"awesome\\" !",
      },
    ],
    "loc": Object {
      "end": Object {
        "column": 12,
        "line": 1,
        "offset": 11,
      },
      "start": Object {
        "column": 1,
        "line": 1,
        "offset": 0,
      },
    },
    "start": 0,
    "type": 2,
  },
  "end": 11,
  "loc": Object {
    "end": Object {
      "column": 12,
      "line": 1,
      "offset": 11,
    },
    "source": "\\"awesome\\" !",
    "start": Object {
      "column": 1,
      "line": 1,
      "offset": 0,
    },
  },
  "start": 0,
  "type": 0,
}
`;

exports[`special characters include equal '=': 'name = foo' 1`] = `
Object {
  "body": Object {
    "end": 10,
    "items": Array [
      Object {
        "end": 10,
        "loc": Object {
          "end": Object {
            "column": 11,
            "line": 1,
            "offset": 10,
          },
          "start": Object {
            "column": 1,
            "line": 1,
            "offset": 0,
          },
        },
        "start": 0,
        "type": 3,
        "value": "name = foo",
      },
    ],
    "loc": Object {
      "end": Object {
        "column": 11,
        "line": 1,
        "offset": 10,
      },
      "start": Object {
        "column": 1,
        "line": 1,
        "offset": 0,
      },
    },
    "start": 0,
    "type": 2,
  },
  "end": 10,
  "loc": Object {
    "end": Object {
      "column": 11,
      "line": 1,
      "offset": 10,
    },
    "source": "name = foo",
    "start": Object {
      "column": 1,
      "line": 1,
      "offset": 0,
    },
  },
  "start": 0,
  "type": 0,
}
`;

exports[`special characters include escase '\\': 'escase \\ escape !' 1`] = `
Object {
  "body": Object {
    "end": 17,
    "items": Array [
      Object {
        "end": 17,
        "loc": Object {
          "end": Object {
            "column": 18,
            "line": 1,
            "offset": 17,
          },
          "start": Object {
            "column": 1,
            "line": 1,
            "offset": 0,
          },
        },
        "start": 0,
        "type": 3,
        "value": "escase \\\\ escape !",
      },
    ],
    "loc": Object {
      "end": Object {
        "column": 18,
        "line": 1,
        "offset": 17,
      },
      "start": Object {
        "column": 1,
        "line": 1,
        "offset": 0,
      },
    },
    "start": 0,
    "type": 2,
  },
  "end": 17,
  "loc": Object {
    "end": Object {
      "column": 18,
      "line": 1,
      "offset": 17,
    },
    "source": "escase \\\\ escape !",
    "start": Object {
      "column": 1,
      "line": 1,
      "offset": 0,
    },
  },
  "start": 0,
  "type": 0,
}
`;

exports[`special characters include exclamation '!': 'WoW!' 1`] = `
Object {
  "body": Object {
    "end": 4,
    "items": Array [
      Object {
        "end": 4,
        "loc": Object {
          "end": Object {
            "column": 5,
            "line": 1,
            "offset": 4,
          },
          "start": Object {
            "column": 1,
            "line": 1,
            "offset": 0,
          },
        },
        "start": 0,
        "type": 3,
        "value": "WoW!",
      },
    ],
    "loc": Object {
      "end": Object {
        "column": 5,
        "line": 1,
        "offset": 4,
      },
      "start": Object {
        "column": 1,
        "line": 1,
        "offset": 0,
      },
    },
    "start": 0,
    "type": 2,
  },
  "end": 4,
  "loc": Object {
    "end": Object {
      "column": 5,
      "line": 1,
      "offset": 4,
    },
    "source": "WoW!",
    "start": Object {
      "column": 1,
      "line": 1,
      "offset": 0,
    },
  },
  "start": 0,
  "type": 0,
}
`;

exports[`special characters include grave '\`': '\`happy!!\`' 1`] = `
Object {
  "body": Object {
    "end": 9,
    "items": Array [
      Object {
        "end": 9,
        "loc": Object {
          "end": Object {
            "column": 10,
            "line": 1,
            "offset": 9,
          },
          "start": Object {
            "column": 1,
            "line": 1,
            "offset": 0,
          },
        },
        "start": 0,
        "type": 3,
        "value": "\`happy!!\`",
      },
    ],
    "loc": Object {
      "end": Object {
        "column": 10,
        "line": 1,
        "offset": 9,
      },
      "start": Object {
        "column": 1,
        "line": 1,
        "offset": 0,
      },
    },
    "start": 0,
    "type": 2,
  },
  "end": 9,
  "loc": Object {
    "end": Object {
      "column": 10,
      "line": 1,
      "offset": 9,
    },
    "source": "\`happy!!\`",
    "start": Object {
      "column": 1,
      "line": 1,
      "offset": 0,
    },
  },
  "start": 0,
  "type": 0,
}
`;

exports[`special characters include greater than '>': 'a > b' 1`] = `
Object {
  "body": Object {
    "end": 5,
    "items": Array [
      Object {
        "end": 5,
        "loc": Object {
          "end": Object {
            "column": 6,
            "line": 1,
            "offset": 5,
          },
          "start": Object {
            "column": 1,
            "line": 1,
            "offset": 0,
          },
        },
        "start": 0,
        "type": 3,
        "value": "a > b",
      },
    ],
    "loc": Object {
      "end": Object {
        "column": 6,
        "line": 1,
        "offset": 5,
      },
      "start": Object {
        "column": 1,
        "line": 1,
        "offset": 0,
      },
    },
    "start": 0,
    "type": 2,
  },
  "end": 5,
  "loc": Object {
    "end": Object {
      "column": 6,
      "line": 1,
      "offset": 5,
    },
    "source": "a > b",
    "start": Object {
      "column": 1,
      "line": 1,
      "offset": 0,
    },
  },
  "start": 0,
  "type": 0,
}
`;

exports[`special characters include hash '#': '# curry !' 1`] = `
Object {
  "body": Object {
    "end": 9,
    "items": Array [
      Object {
        "end": 9,
        "loc": Object {
          "end": Object {
            "column": 10,
            "line": 1,
            "offset": 9,
          },
          "start": Object {
            "column": 1,
            "line": 1,
            "offset": 0,
          },
        },
        "start": 0,
        "type": 3,
        "value": "# curry !",
      },
    ],
    "loc": Object {
      "end": Object {
        "column": 10,
        "line": 1,
        "offset": 9,
      },
      "start": Object {
        "column": 1,
        "line": 1,
        "offset": 0,
      },
    },
    "start": 0,
    "type": 2,
  },
  "end": 9,
  "loc": Object {
    "end": Object {
      "column": 10,
      "line": 1,
      "offset": 9,
    },
    "source": "# curry !",
    "start": Object {
      "column": 1,
      "line": 1,
      "offset": 0,
    },
  },
  "start": 0,
  "type": 0,
}
`;

exports[`special characters include hypenate '-': 'hi, kazu-pon !' 1`] = `
Object {
  "body": Object {
    "end": 14,
    "items": Array [
      Object {
        "end": 14,
        "loc": Object {
          "end": Object {
            "column": 15,
            "line": 1,
            "offset": 14,
          },
          "start": Object {
            "column": 1,
            "line": 1,
            "offset": 0,
          },
        },
        "start": 0,
        "type": 3,
        "value": "hi, kazu-pon !",
      },
    ],
    "loc": Object {
      "end": Object {
        "column": 15,
        "line": 1,
        "offset": 14,
      },
      "start": Object {
        "column": 1,
        "line": 1,
        "offset": 0,
      },
    },
    "start": 0,
    "type": 2,
  },
  "end": 14,
  "loc": Object {
    "end": Object {
      "column": 15,
      "line": 1,
      "offset": 14,
    },
    "source": "hi, kazu-pon !",
    "start": Object {
      "column": 1,
      "line": 1,
      "offset": 0,
    },
  },
  "start": 0,
  "type": 0,
}
`;

exports[`special characters include less than '<': 'a < b' 1`] = `
Object {
  "body": Object {
    "end": 5,
    "items": Array [
      Object {
        "end": 5,
        "loc": Object {
          "end": Object {
            "column": 6,
            "line": 1,
            "offset": 5,
          },
          "start": Object {
            "column": 1,
            "line": 1,
            "offset": 0,
          },
        },
        "start": 0,
        "type": 3,
        "value": "a < b",
      },
    ],
    "loc": Object {
      "end": Object {
        "column": 6,
        "line": 1,
        "offset": 5,
      },
      "start": Object {
        "column": 1,
        "line": 1,
        "offset": 0,
      },
    },
    "start": 0,
    "type": 2,
  },
  "end": 5,
  "loc": Object {
    "end": Object {
      "column": 6,
      "line": 1,
      "offset": 5,
    },
    "source": "a < b",
    "start": Object {
      "column": 1,
      "line": 1,
      "offset": 0,
    },
  },
  "start": 0,
  "type": 0,
}
`;

exports[`special characters include new line '\\n': 'hello\\nworld' 1`] = `
Object {
  "body": Object {
    "end": 12,
    "items": Array [
      Object {
        "end": 12,
        "loc": Object {
          "end": Object {
            "column": 13,
            "line": 1,
            "offset": 12,
          },
          "start": Object {
            "column": 1,
            "line": 1,
            "offset": 0,
          },
        },
        "start": 0,
        "type": 3,
        "value": "hello\\\\nworld",
      },
    ],
    "loc": Object {
      "end": Object {
        "column": 13,
        "line": 1,
        "offset": 12,
      },
      "start": Object {
        "column": 1,
        "line": 1,
        "offset": 0,
      },
    },
    "start": 0,
    "type": 2,
  },
  "end": 12,
  "loc": Object {
    "end": Object {
      "column": 13,
      "line": 1,
      "offset": 12,
    },
    "source": "hello\\\\nworld",
    "start": Object {
      "column": 1,
      "line": 1,
      "offset": 0,
    },
  },
  "start": 0,
  "type": 0,
}
`;

exports[`special characters include open braket '[': 'land [ bridge' 1`] = `
Object {
  "body": Object {
    "end": 13,
    "items": Array [
      Object {
        "end": 13,
        "loc": Object {
          "end": Object {
            "column": 14,
            "line": 1,
            "offset": 13,
          },
          "start": Object {
            "column": 1,
            "line": 1,
            "offset": 0,
          },
        },
        "start": 0,
        "type": 3,
        "value": "land [ bridge",
      },
    ],
    "loc": Object {
      "end": Object {
        "column": 14,
        "line": 1,
        "offset": 13,
      },
      "start": Object {
        "column": 1,
        "line": 1,
        "offset": 0,
      },
    },
    "start": 0,
    "type": 2,
  },
  "end": 13,
  "loc": Object {
    "end": Object {
      "column": 14,
      "line": 1,
      "offset": 13,
    },
    "source": "land [ bridge",
    "start": Object {
      "column": 1,
      "line": 1,
      "offset": 0,
    },
  },
  "start": 0,
  "type": 0,
}
`;

exports[`special characters include open paren '(': '(foo)' 1`] = `
Object {
  "body": Object {
    "end": 5,
    "items": Array [
      Object {
        "end": 5,
        "loc": Object {
          "end": Object {
            "column": 6,
            "line": 1,
            "offset": 5,
          },
          "start": Object {
            "column": 1,
            "line": 1,
            "offset": 0,
          },
        },
        "start": 0,
        "type": 3,
        "value": "(foo)",
      },
    ],
    "loc": Object {
      "end": Object {
        "column": 6,
        "line": 1,
        "offset": 5,
      },
      "start": Object {
        "column": 1,
        "line": 1,
        "offset": 0,
      },
    },
    "start": 0,
    "type": 2,
  },
  "end": 5,
  "loc": Object {
    "end": Object {
      "column": 6,
      "line": 1,
      "offset": 5,
    },
    "source": "(foo)",
    "start": Object {
      "column": 1,
      "line": 1,
      "offset": 0,
    },
  },
  "start": 0,
  "type": 0,
}
`;

exports[`special characters include plus '+': '1 + 1' 1`] = `
Object {
  "body": Object {
    "end": 5,
    "items": Array [
      Object {
        "end": 5,
        "loc": Object {
          "end": Object {
            "column": 6,
            "line": 1,
            "offset": 5,
          },
          "start": Object {
            "column": 1,
            "line": 1,
            "offset": 0,
          },
        },
        "start": 0,
        "type": 3,
        "value": "1 + 1",
      },
    ],
    "loc": Object {
      "end": Object {
        "column": 6,
        "line": 1,
        "offset": 5,
      },
      "start": Object {
        "column": 1,
        "line": 1,
        "offset": 0,
      },
    },
    "start": 0,
    "type": 2,
  },
  "end": 5,
  "loc": Object {
    "end": Object {
      "column": 6,
      "line": 1,
      "offset": 5,
    },
    "source": "1 + 1",
    "start": Object {
      "column": 1,
      "line": 1,
      "offset": 0,
    },
  },
  "start": 0,
  "type": 0,
}
`;

exports[`special characters include semi-colon ';': 'morning; afternoon;' 1`] = `
Object {
  "body": Object {
    "end": 19,
    "items": Array [
      Object {
        "end": 19,
        "loc": Object {
          "end": Object {
            "column": 20,
            "line": 1,
            "offset": 19,
          },
          "start": Object {
            "column": 1,
            "line": 1,
            "offset": 0,
          },
        },
        "start": 0,
        "type": 3,
        "value": "morning; afternoon;",
      },
    ],
    "loc": Object {
      "end": Object {
        "column": 20,
        "line": 1,
        "offset": 19,
      },
      "start": Object {
        "column": 1,
        "line": 1,
        "offset": 0,
      },
    },
    "start": 0,
    "type": 2,
  },
  "end": 19,
  "loc": Object {
    "end": Object {
      "column": 20,
      "line": 1,
      "offset": 19,
    },
    "source": "morning; afternoon;",
    "start": Object {
      "column": 1,
      "line": 1,
      "offset": 0,
    },
  },
  "start": 0,
  "type": 0,
}
`;

exports[`special characters include single quote ''': 'I'm kazupon !' 1`] = `
Object {
  "body": Object {
    "end": 13,
    "items": Array [
      Object {
        "end": 13,
        "loc": Object {
          "end": Object {
            "column": 14,
            "line": 1,
            "offset": 13,
          },
          "start": Object {
            "column": 1,
            "line": 1,
            "offset": 0,
          },
        },
        "start": 0,
        "type": 3,
        "value": "I'm kazupon !",
      },
    ],
    "loc": Object {
      "end": Object {
        "column": 14,
        "line": 1,
        "offset": 13,
      },
      "start": Object {
        "column": 1,
        "line": 1,
        "offset": 0,
      },
    },
    "start": 0,
    "type": 2,
  },
  "end": 13,
  "loc": Object {
    "end": Object {
      "column": 14,
      "line": 1,
      "offset": 13,
    },
    "source": "I'm kazupon !",
    "start": Object {
      "column": 1,
      "line": 1,
      "offset": 0,
    },
  },
  "start": 0,
  "type": 0,
}
`;

exports[`special characters include space ' ': 'hello nworld' 1`] = `
Object {
  "body": Object {
    "end": 12,
    "items": Array [
      Object {
        "end": 12,
        "loc": Object {
          "end": Object {
            "column": 13,
            "line": 1,
            "offset": 12,
          },
          "start": Object {
            "column": 1,
            "line": 1,
            "offset": 0,
          },
        },
        "start": 0,
        "type": 3,
        "value": "hello nworld",
      },
    ],
    "loc": Object {
      "end": Object {
        "column": 13,
        "line": 1,
        "offset": 12,
      },
      "start": Object {
        "column": 1,
        "line": 1,
        "offset": 0,
      },
    },
    "start": 0,
    "type": 2,
  },
  "end": 12,
  "loc": Object {
    "end": Object {
      "column": 13,
      "line": 1,
      "offset": 12,
    },
    "source": "hello nworld",
    "start": Object {
      "column": 1,
      "line": 1,
      "offset": 0,
    },
  },
  "start": 0,
  "type": 0,
}
`;

exports[`special characters include tilde '~': '~~kazupon~~' 1`] = `
Object {
  "body": Object {
    "end": 11,
    "items": Array [
      Object {
        "end": 11,
        "loc": Object {
          "end": Object {
            "column": 12,
            "line": 1,
            "offset": 11,
          },
          "start": Object {
            "column": 1,
            "line": 1,
            "offset": 0,
          },
        },
        "start": 0,
        "type": 3,
        "value": "~~kazupon~~",
      },
    ],
    "loc": Object {
      "end": Object {
        "column": 12,
        "line": 1,
        "offset": 11,
      },
      "start": Object {
        "column": 1,
        "line": 1,
        "offset": 0,
      },
    },
    "start": 0,
    "type": 2,
  },
  "end": 11,
  "loc": Object {
    "end": Object {
      "column": 12,
      "line": 1,
      "offset": 11,
    },
    "source": "~~kazupon~~",
    "start": Object {
      "column": 1,
      "line": 1,
      "offset": 0,
    },
  },
  "start": 0,
  "type": 0,
}
`;

exports[`special characters include underscore '_': 'hi, kazu_pon !' 1`] = `
Object {
  "body": Object {
    "end": 14,
    "items": Array [
      Object {
        "end": 14,
        "loc": Object {
          "end": Object {
            "column": 15,
            "line": 1,
            "offset": 14,
          },
          "start": Object {
            "column": 1,
            "line": 1,
            "offset": 0,
          },
        },
        "start": 0,
        "type": 3,
        "value": "hi, kazu_pon !",
      },
    ],
    "loc": Object {
      "end": Object {
        "column": 15,
        "line": 1,
        "offset": 14,
      },
      "start": Object {
        "column": 1,
        "line": 1,
        "offset": 0,
      },
    },
    "start": 0,
    "type": 2,
  },
  "end": 14,
  "loc": Object {
    "end": Object {
      "column": 15,
      "line": 1,
      "offset": 14,
    },
    "source": "hi, kazu_pon !",
    "start": Object {
      "column": 1,
      "line": 1,
      "offset": 0,
    },
  },
  "start": 0,
  "type": 0,
}
`;

exports[`unicode '\\u{0041}' 1`] = `
Object {
  "body": Object {
    "end": 1,
    "items": Array [
      Object {
        "end": 1,
        "loc": Object {
          "end": Object {
            "column": 2,
            "line": 1,
            "offset": 1,
          },
          "start": Object {
            "column": 1,
            "line": 1,
            "offset": 0,
          },
        },
        "start": 0,
        "type": 3,
        "value": "A",
      },
    ],
    "loc": Object {
      "end": Object {
        "column": 2,
        "line": 1,
        "offset": 1,
      },
      "start": Object {
        "column": 1,
        "line": 1,
        "offset": 0,
      },
    },
    "start": 0,
    "type": 2,
  },
  "end": 1,
  "loc": Object {
    "end": Object {
      "column": 2,
      "line": 1,
      "offset": 1,
    },
    "source": "A",
    "start": Object {
      "column": 1,
      "line": 1,
      "offset": 0,
    },
  },
  "start": 0,
  "type": 0,
}
`;

exports[`unicode '\\u0041' 1`] = `
Object {
  "body": Object {
    "end": 1,
    "items": Array [
      Object {
        "end": 1,
        "loc": Object {
          "end": Object {
            "column": 2,
            "line": 1,
            "offset": 1,
          },
          "start": Object {
            "column": 1,
            "line": 1,
            "offset": 0,
          },
        },
        "start": 0,
        "type": 3,
        "value": "A",
      },
    ],
    "loc": Object {
      "end": Object {
        "column": 2,
        "line": 1,
        "offset": 1,
      },
      "start": Object {
        "column": 1,
        "line": 1,
        "offset": 0,
      },
    },
    "start": 0,
    "type": 2,
  },
  "end": 1,
  "loc": Object {
    "end": Object {
      "column": 2,
      "line": 1,
      "offset": 1,
    },
    "source": "A",
    "start": Object {
      "column": 1,
      "line": 1,
      "offset": 0,
    },
  },
  "start": 0,
  "type": 0,
}
`;

exports[`unicode surrogate pair: '\\uD83C\\uDF4E' 1`] = `
Object {
  "body": Object {
    "end": 2,
    "items": Array [
      Object {
        "end": 2,
        "loc": Object {
          "end": Object {
            "column": 3,
            "line": 1,
            "offset": 2,
          },
          "start": Object {
            "column": 1,
            "line": 1,
            "offset": 0,
          },
        },
        "start": 0,
        "type": 3,
        "value": "üçé",
      },
    ],
    "loc": Object {
      "end": Object {
        "column": 3,
        "line": 1,
        "offset": 2,
      },
      "start": Object {
        "column": 1,
        "line": 1,
        "offset": 0,
      },
    },
    "start": 0,
    "type": 2,
  },
  "end": 2,
  "loc": Object {
    "end": Object {
      "column": 3,
      "line": 1,
      "offset": 2,
    },
    "source": "üçé",
    "start": Object {
      "column": 1,
      "line": 1,
      "offset": 0,
    },
  },
  "start": 0,
  "type": 0,
}
`;
