// Vitest Snapshot v1

exports[`__translateVNode > missing 1`] = `
[
  {
    "__v_isVNode": true,
    "__v_skip": true,
    "anchor": null,
    "appContext": null,
    "children": "hello",
    "component": null,
    "ctx": null,
    "dirs": null,
    "dynamicChildren": null,
    "dynamicProps": null,
    "el": null,
    "key": null,
    "patchFlag": 0,
    "props": null,
    "ref": null,
    "scopeId": null,
    "shapeFlag": 8,
    "slotScopeIds": null,
    "ssContent": null,
    "ssFallback": null,
    "staticCount": 0,
    "suspense": null,
    "target": null,
    "targetAnchor": null,
    "transition": null,
    "type": Symbol(Text),
  },
]
`;
