// Jest Snapshot v1, https://goo.gl/fbAQLP

exports[`parse 1`] = `
Object {
  "body": Object {
    "end": 11,
    "items": Array [
      Object {
        "end": 11,
        "loc": Object {
          "end": Object {
            "column": 12,
            "line": 1,
            "offset": 11,
          },
          "start": Object {
            "column": 1,
            "line": 1,
            "offset": 0,
          },
        },
        "start": 0,
        "type": 3,
        "value": "hello world",
      },
    ],
    "loc": Object {
      "end": Object {
        "column": 12,
        "line": 1,
        "offset": 11,
      },
      "start": Object {
        "column": 1,
        "line": 1,
        "offset": 0,
      },
    },
    "start": 0,
    "type": 2,
  },
  "end": 11,
  "loc": Object {
    "end": Object {
      "column": 12,
      "line": 1,
      "offset": 11,
    },
    "start": Object {
      "column": 1,
      "line": 1,
      "offset": 0,
    },
  },
  "start": 0,
  "type": 0,
}
`;

exports[`parse: linked 1`] = `
Object {
  "body": Object {
    "end": 8,
    "items": Array [
      Object {
        "end": 8,
        "key": Object {
          "end": 8,
          "loc": Object {
            "end": Object {
              "column": 9,
              "line": 1,
              "offset": 8,
            },
            "start": Object {
              "column": 3,
              "line": 1,
              "offset": 2,
            },
          },
          "start": 2,
          "type": 7,
          "value": "apples",
        },
        "loc": Object {
          "end": Object {
            "column": 9,
            "line": 1,
            "offset": 8,
          },
          "start": Object {
            "column": 1,
            "line": 1,
            "offset": 0,
          },
        },
        "start": 0,
        "type": 6,
      },
    ],
    "loc": Object {
      "end": Object {
        "column": 9,
        "line": 1,
        "offset": 8,
      },
      "start": Object {
        "column": 1,
        "line": 1,
        "offset": 0,
      },
    },
    "start": 0,
    "type": 2,
  },
  "end": 8,
  "loc": Object {
    "end": Object {
      "column": 9,
      "line": 1,
      "offset": 8,
    },
    "start": Object {
      "column": 1,
      "line": 1,
      "offset": 0,
    },
  },
  "start": 0,
  "type": 0,
}
`;

exports[`parse: linked modifier list 1`] = `
Object {
  "body": Object {
    "end": 11,
    "items": Array [
      Object {
        "end": 11,
        "key": Object {
          "end": 11,
          "index": 0,
          "loc": Object {
            "end": Object {
              "column": 12,
              "line": 1,
              "offset": 11,
            },
            "start": Object {
              "column": 9,
              "line": 1,
              "offset": 8,
            },
          },
          "start": 8,
          "type": 5,
        },
        "loc": Object {
          "end": Object {
            "column": 12,
            "line": 1,
            "offset": 11,
          },
          "start": Object {
            "column": 1,
            "line": 1,
            "offset": 0,
          },
        },
        "modifier": Object {
          "end": 7,
          "loc": Object {
            "end": Object {
              "column": 8,
              "line": 1,
              "offset": 7,
            },
            "start": Object {
              "column": 2,
              "line": 1,
              "offset": 1,
            },
          },
          "start": 1,
          "type": 8,
          "value": "lower",
        },
        "start": 0,
        "type": 6,
      },
    ],
    "loc": Object {
      "end": Object {
        "column": 12,
        "line": 1,
        "offset": 11,
      },
      "start": Object {
        "column": 1,
        "line": 1,
        "offset": 0,
      },
    },
    "start": 0,
    "type": 2,
  },
  "end": 11,
  "loc": Object {
    "end": Object {
      "column": 12,
      "line": 1,
      "offset": 11,
    },
    "start": Object {
      "column": 1,
      "line": 1,
      "offset": 0,
    },
  },
  "start": 0,
  "type": 0,
}
`;

exports[`parse: list 1`] = `
Object {
  "body": Object {
    "end": 11,
    "items": Array [
      Object {
        "end": 6,
        "loc": Object {
          "end": Object {
            "column": 7,
            "line": 1,
            "offset": 6,
          },
          "start": Object {
            "column": 1,
            "line": 1,
            "offset": 0,
          },
        },
        "start": 0,
        "type": 3,
        "value": "hello ",
      },
      Object {
        "end": 9,
        "index": 0,
        "loc": Object {
          "end": Object {
            "column": 10,
            "line": 1,
            "offset": 9,
          },
          "start": Object {
            "column": 7,
            "line": 1,
            "offset": 6,
          },
        },
        "start": 6,
        "type": 5,
      },
      Object {
        "end": 11,
        "loc": Object {
          "end": Object {
            "column": 12,
            "line": 1,
            "offset": 11,
          },
          "start": Object {
            "column": 10,
            "line": 1,
            "offset": 9,
          },
        },
        "start": 9,
        "type": 3,
        "value": " !",
      },
    ],
    "loc": Object {
      "end": Object {
        "column": 12,
        "line": 1,
        "offset": 11,
      },
      "start": Object {
        "column": 1,
        "line": 1,
        "offset": 0,
      },
    },
    "start": 0,
    "type": 2,
  },
  "end": 11,
  "loc": Object {
    "end": Object {
      "column": 12,
      "line": 1,
      "offset": 11,
    },
    "start": Object {
      "column": 1,
      "line": 1,
      "offset": 0,
    },
  },
  "start": 0,
  "type": 0,
}
`;

exports[`parse: literal 1`] = `
Object {
  "body": Object {
    "end": 19,
    "items": Array [
      Object {
        "end": 6,
        "loc": Object {
          "end": Object {
            "column": 7,
            "line": 1,
            "offset": 6,
          },
          "start": Object {
            "column": 1,
            "line": 1,
            "offset": 0,
          },
        },
        "start": 0,
        "type": 3,
        "value": "hello ",
      },
      Object {
        "end": 17,
        "loc": Object {
          "end": Object {
            "column": 18,
            "line": 1,
            "offset": 17,
          },
          "start": Object {
            "column": 7,
            "line": 1,
            "offset": 6,
          },
        },
        "start": 6,
        "type": 9,
        "value": "kazupon",
      },
      Object {
        "end": 19,
        "loc": Object {
          "end": Object {
            "column": 20,
            "line": 1,
            "offset": 19,
          },
          "start": Object {
            "column": 18,
            "line": 1,
            "offset": 17,
          },
        },
        "start": 17,
        "type": 3,
        "value": " !",
      },
    ],
    "loc": Object {
      "end": Object {
        "column": 20,
        "line": 1,
        "offset": 19,
      },
      "start": Object {
        "column": 1,
        "line": 1,
        "offset": 0,
      },
    },
    "start": 0,
    "type": 2,
  },
  "end": 19,
  "loc": Object {
    "end": Object {
      "column": 20,
      "line": 1,
      "offset": 19,
    },
    "start": Object {
      "column": 1,
      "line": 1,
      "offset": 0,
    },
  },
  "start": 0,
  "type": 0,
}
`;

exports[`parse: named 1`] = `
Object {
  "body": Object {
    "end": 14,
    "items": Array [
      Object {
        "end": 6,
        "loc": Object {
          "end": Object {
            "column": 7,
            "line": 1,
            "offset": 6,
          },
          "start": Object {
            "column": 1,
            "line": 1,
            "offset": 0,
          },
        },
        "start": 0,
        "type": 3,
        "value": "hello ",
      },
      Object {
        "end": 12,
        "key": "name",
        "loc": Object {
          "end": Object {
            "column": 13,
            "line": 1,
            "offset": 12,
          },
          "start": Object {
            "column": 7,
            "line": 1,
            "offset": 6,
          },
        },
        "start": 6,
        "type": 4,
      },
      Object {
        "end": 14,
        "loc": Object {
          "end": Object {
            "column": 15,
            "line": 1,
            "offset": 14,
          },
          "start": Object {
            "column": 13,
            "line": 1,
            "offset": 12,
          },
        },
        "start": 12,
        "type": 3,
        "value": " !",
      },
    ],
    "loc": Object {
      "end": Object {
        "column": 15,
        "line": 1,
        "offset": 14,
      },
      "start": Object {
        "column": 1,
        "line": 1,
        "offset": 0,
      },
    },
    "start": 0,
    "type": 2,
  },
  "end": 14,
  "loc": Object {
    "end": Object {
      "column": 15,
      "line": 1,
      "offset": 14,
    },
    "start": Object {
      "column": 1,
      "line": 1,
      "offset": 0,
    },
  },
  "start": 0,
  "type": 0,
}
`;

exports[`parse: plural 1`] = `
Object {
  "body": Object {
    "cases": Array [
      Object {
        "end": 0,
        "items": Array [
          Object {
            "end": 9,
            "loc": Object {
              "end": Object {
                "column": 10,
                "line": 1,
                "offset": 9,
              },
              "start": Object {
                "column": 1,
                "line": 1,
                "offset": 0,
              },
            },
            "start": 0,
            "type": 3,
            "value": "no apples",
          },
        ],
        "loc": Object {
          "end": Object {
            "column": 10,
            "line": 1,
            "offset": 9,
          },
          "start": Object {
            "column": 1,
            "line": 1,
            "offset": 0,
          },
        },
        "start": 0,
        "type": 2,
      },
      Object {
        "end": 12,
        "items": Array [
          Object {
            "end": 21,
            "loc": Object {
              "end": Object {
                "column": 22,
                "line": 1,
                "offset": 21,
              },
              "start": Object {
                "column": 13,
                "line": 1,
                "offset": 12,
              },
            },
            "start": 12,
            "type": 3,
            "value": "one apple",
          },
        ],
        "loc": Object {
          "end": Object {
            "column": 22,
            "line": 1,
            "offset": 21,
          },
          "start": Object {
            "column": 13,
            "line": 1,
            "offset": 12,
          },
        },
        "start": 12,
        "type": 2,
      },
      Object {
        "end": 43,
        "items": Array [
          Object {
            "end": 43,
            "loc": Object {
              "end": Object {
                "column": 44,
                "line": 1,
                "offset": 43,
              },
              "start": Object {
                "column": 27,
                "line": 1,
                "offset": 26,
              },
            },
            "start": 26,
            "type": 3,
            "value": "too much apples  ",
          },
        ],
        "loc": Object {
          "end": Object {
            "column": 44,
            "line": 1,
            "offset": 43,
          },
          "start": Object {
            "column": 27,
            "line": 1,
            "offset": 26,
          },
        },
        "start": 26,
        "type": 2,
      },
    ],
    "end": 43,
    "loc": Object {
      "end": Object {
        "column": 44,
        "line": 1,
        "offset": 43,
      },
      "start": Object {
        "column": 1,
        "line": 1,
        "offset": 0,
      },
    },
    "start": 0,
    "type": 1,
  },
  "end": 43,
  "loc": Object {
    "end": Object {
      "column": 44,
      "line": 1,
      "offset": 43,
    },
    "start": Object {
      "column": 1,
      "line": 1,
      "offset": 0,
    },
  },
  "start": 0,
  "type": 0,
}
`;

exports[`parse: plural complex 1`] = `
Object {
  "body": Object {
    "cases": Array [
      Object {
        "end": 18,
        "items": Array [
          Object {
            "end": 19,
            "key": Object {
              "end": 18,
              "loc": Object {
                "end": Object {
                  "column": 19,
                  "line": 1,
                  "offset": 18,
                },
                "start": Object {
                  "column": 10,
                  "line": 1,
                  "offset": 9,
                },
              },
              "start": 9,
              "type": 7,
              "value": "no apples",
            },
            "loc": Object {
              "end": Object {
                "column": 20,
                "line": 1,
                "offset": 19,
              },
              "start": Object {
                "column": 1,
                "line": 1,
                "offset": 0,
              },
            },
            "modifier": Object {
              "end": 7,
              "loc": Object {
                "end": Object {
                  "column": 8,
                  "line": 1,
                  "offset": 7,
                },
                "start": Object {
                  "column": 2,
                  "line": 1,
                  "offset": 1,
                },
              },
              "start": 1,
              "type": 8,
              "value": "lower",
            },
            "start": 0,
            "type": 6,
          },
        ],
        "loc": Object {
          "end": Object {
            "column": 20,
            "line": 1,
            "offset": 19,
          },
          "start": Object {
            "column": 1,
            "line": 1,
            "offset": 0,
          },
        },
        "start": 0,
        "type": 2,
      },
      Object {
        "end": 25,
        "items": Array [
          Object {
            "end": 25,
            "index": 1,
            "loc": Object {
              "end": Object {
                "column": 26,
                "line": 1,
                "offset": 25,
              },
              "start": Object {
                "column": 23,
                "line": 1,
                "offset": 22,
              },
            },
            "start": 22,
            "type": 5,
          },
          Object {
            "end": 31,
            "loc": Object {
              "end": Object {
                "column": 32,
                "line": 1,
                "offset": 31,
              },
              "start": Object {
                "column": 26,
                "line": 1,
                "offset": 25,
              },
            },
            "start": 25,
            "type": 3,
            "value": " apple",
          },
        ],
        "loc": Object {
          "end": Object {
            "column": 32,
            "line": 1,
            "offset": 31,
          },
          "start": Object {
            "column": 23,
            "line": 1,
            "offset": 22,
          },
        },
        "start": 22,
        "type": 2,
      },
      Object {
        "end": 48,
        "items": Array [
          Object {
            "end": 41,
            "key": "count",
            "loc": Object {
              "end": Object {
                "column": 42,
                "line": 1,
                "offset": 41,
              },
              "start": Object {
                "column": 35,
                "line": 1,
                "offset": 34,
              },
            },
            "start": 34,
            "type": 4,
          },
          Object {
            "end": 48,
            "loc": Object {
              "end": Object {
                "column": 49,
                "line": 1,
                "offset": 48,
              },
              "start": Object {
                "column": 42,
                "line": 1,
                "offset": 41,
              },
            },
            "start": 41,
            "type": 3,
            "value": "　apples",
          },
        ],
        "loc": Object {
          "end": Object {
            "column": 49,
            "line": 1,
            "offset": 48,
          },
          "start": Object {
            "column": 35,
            "line": 1,
            "offset": 34,
          },
        },
        "start": 34,
        "type": 2,
      },
    ],
    "end": 48,
    "loc": Object {
      "end": Object {
        "column": 49,
        "line": 1,
        "offset": 48,
      },
      "start": Object {
        "column": 1,
        "line": 1,
        "offset": 0,
      },
    },
    "start": 0,
    "type": 1,
  },
  "end": 48,
  "loc": Object {
    "end": Object {
      "column": 49,
      "line": 1,
      "offset": 48,
    },
    "start": Object {
      "column": 1,
      "line": 1,
      "offset": 0,
    },
  },
  "start": 0,
  "type": 0,
}
`;
