// Jest Snapshot v1, https://goo.gl/fbAQLP

exports[`transform 1`] = `
Object {
  "body": Object {
    "cases": Array [
      Object {
        "end": 20,
        "items": Array [
          Object {
            "end": 21,
            "key": Object {
              "end": 21,
              "loc": Object {
                "end": Object {
                  "column": 22,
                  "line": 1,
                  "offset": 21,
                },
                "start": Object {
                  "column": 9,
                  "line": 1,
                  "offset": 8,
                },
              },
              "start": 8,
              "type": 9,
              "value": "no apples",
            },
            "loc": Object {
              "end": Object {
                "column": 22,
                "line": 1,
                "offset": 21,
              },
              "start": Object {
                "column": 1,
                "line": 1,
                "offset": 0,
              },
            },
            "modifier": Object {
              "end": 7,
              "loc": Object {
                "end": Object {
                  "column": 8,
                  "line": 1,
                  "offset": 7,
                },
                "start": Object {
                  "column": 2,
                  "line": 1,
                  "offset": 1,
                },
              },
              "start": 1,
              "type": 8,
              "value": "upper",
            },
            "start": 0,
            "type": 6,
          },
        ],
        "loc": Object {
          "end": Object {
            "column": 22,
            "line": 1,
            "offset": 21,
          },
          "start": Object {
            "column": 1,
            "line": 1,
            "offset": 0,
          },
        },
        "start": 0,
        "type": 2,
      },
      Object {
        "end": 27,
        "items": Array [
          Object {
            "end": 27,
            "index": 0,
            "loc": Object {
              "end": Object {
                "column": 28,
                "line": 1,
                "offset": 27,
              },
              "start": Object {
                "column": 25,
                "line": 1,
                "offset": 24,
              },
            },
            "start": 24,
            "type": 5,
          },
          Object {
            "end": 33,
            "loc": Object {
              "end": Object {
                "column": 34,
                "line": 1,
                "offset": 33,
              },
              "start": Object {
                "column": 28,
                "line": 1,
                "offset": 27,
              },
            },
            "start": 27,
            "type": 3,
            "value": " apple",
          },
        ],
        "loc": Object {
          "end": Object {
            "column": 34,
            "line": 1,
            "offset": 33,
          },
          "start": Object {
            "column": 25,
            "line": 1,
            "offset": 24,
          },
        },
        "start": 24,
        "type": 2,
      },
      Object {
        "end": 50,
        "items": Array [
          Object {
            "end": 43,
            "key": "count",
            "loc": Object {
              "end": Object {
                "column": 44,
                "line": 1,
                "offset": 43,
              },
              "start": Object {
                "column": 37,
                "line": 1,
                "offset": 36,
              },
            },
            "start": 36,
            "type": 4,
          },
          Object {
            "end": 50,
            "loc": Object {
              "end": Object {
                "column": 51,
                "line": 1,
                "offset": 50,
              },
              "start": Object {
                "column": 44,
                "line": 1,
                "offset": 43,
              },
            },
            "start": 43,
            "type": 3,
            "value": "ã€€apples",
          },
        ],
        "loc": Object {
          "end": Object {
            "column": 51,
            "line": 1,
            "offset": 50,
          },
          "start": Object {
            "column": 37,
            "line": 1,
            "offset": 36,
          },
        },
        "start": 36,
        "type": 2,
      },
    ],
    "end": 50,
    "loc": Object {
      "end": Object {
        "column": 51,
        "line": 1,
        "offset": 50,
      },
      "start": Object {
        "column": 1,
        "line": 1,
        "offset": 0,
      },
    },
    "start": 0,
    "type": 1,
  },
  "end": 50,
  "loc": Object {
    "end": Object {
      "column": 51,
      "line": 1,
      "offset": 50,
    },
    "start": Object {
      "column": 1,
      "line": 1,
      "offset": 0,
    },
  },
  "needInterpolate": true,
  "start": 0,
  "type": 0,
}
`;
