// Vitest Snapshot v1

exports[`transform > ast 1`] = `
{
  "body": {
    "cases": [
      {
        "end": 20,
        "items": [
          {
            "end": 21,
            "key": {
              "end": 21,
              "loc": {
                "end": {
                  "column": 22,
                  "line": 1,
                  "offset": 21,
                },
                "start": {
                  "column": 9,
                  "line": 1,
                  "offset": 8,
                },
              },
              "start": 8,
              "type": 9,
              "value": "no apples",
            },
            "loc": {
              "end": {
                "column": 22,
                "line": 1,
                "offset": 21,
              },
              "start": {
                "column": 1,
                "line": 1,
                "offset": 0,
              },
            },
            "modifier": {
              "end": 7,
              "loc": {
                "end": {
                  "column": 8,
                  "line": 1,
                  "offset": 7,
                },
                "start": {
                  "column": 2,
                  "line": 1,
                  "offset": 1,
                },
              },
              "start": 1,
              "type": 8,
              "value": "upper",
            },
            "start": 0,
            "type": 6,
          },
        ],
        "loc": {
          "end": {
            "column": 22,
            "line": 1,
            "offset": 21,
          },
          "start": {
            "column": 1,
            "line": 1,
            "offset": 0,
          },
        },
        "start": 0,
        "type": 2,
      },
      {
        "end": 27,
        "items": [
          {
            "end": 27,
            "index": 0,
            "loc": {
              "end": {
                "column": 28,
                "line": 1,
                "offset": 27,
              },
              "start": {
                "column": 25,
                "line": 1,
                "offset": 24,
              },
            },
            "start": 24,
            "type": 5,
          },
          {
            "end": 33,
            "loc": {
              "end": {
                "column": 34,
                "line": 1,
                "offset": 33,
              },
              "start": {
                "column": 28,
                "line": 1,
                "offset": 27,
              },
            },
            "start": 27,
            "type": 3,
            "value": " apple",
          },
        ],
        "loc": {
          "end": {
            "column": 34,
            "line": 1,
            "offset": 33,
          },
          "start": {
            "column": 25,
            "line": 1,
            "offset": 24,
          },
        },
        "start": 24,
        "type": 2,
      },
      {
        "end": 50,
        "items": [
          {
            "end": 43,
            "key": "count",
            "loc": {
              "end": {
                "column": 44,
                "line": 1,
                "offset": 43,
              },
              "start": {
                "column": 37,
                "line": 1,
                "offset": 36,
              },
            },
            "start": 36,
            "type": 4,
          },
          {
            "end": 50,
            "loc": {
              "end": {
                "column": 51,
                "line": 1,
                "offset": 50,
              },
              "start": {
                "column": 44,
                "line": 1,
                "offset": 43,
              },
            },
            "start": 43,
            "type": 3,
            "value": "　apples",
          },
        ],
        "loc": {
          "end": {
            "column": 51,
            "line": 1,
            "offset": 50,
          },
          "start": {
            "column": 37,
            "line": 1,
            "offset": 36,
          },
        },
        "start": 36,
        "type": 2,
      },
    ],
    "end": 50,
    "loc": {
      "end": {
        "column": 51,
        "line": 1,
        "offset": 50,
      },
      "start": {
        "column": 1,
        "line": 1,
        "offset": 0,
      },
    },
    "start": 0,
    "type": 1,
  },
  "end": 50,
  "helpers": [
    "normalize",
    "linked",
    "type",
    "interpolate",
    "list",
    "named",
    "plural",
  ],
  "loc": {
    "end": {
      "column": 51,
      "line": 1,
      "offset": 50,
    },
    "source": "@.upper:{'no apples'} | {0} apple | {count}　apples",
    "start": {
      "column": 1,
      "line": 1,
      "offset": 0,
    },
  },
  "start": 0,
  "type": 0,
}
`;

exports[`transform > helpers 1`] = `
[
  "normalize",
  "linked",
  "type",
  "interpolate",
  "list",
  "named",
  "plural",
]
`;
