// Jest Snapshot v1, https://goo.gl/fbAQLP

exports[`slot reactivity composable: en 1`] = `"<h1>Root</h1><form><select><option>en</option><option>ja</option></select></form><p>hello!</p><div class=\\"child\\"><h1>Child</h1><form><select><option>en</option><option>ja</option></select></form><p>hello!</p><div class=\\"sub-child\\"><h1>Sub Child</h1><form><select><option>en</option><option>ja</option></select></form><p>hello!</p></div> t inside of slot <p>hello!</p> i18n-t inside of slot <p>hello!</p></div>"`;

exports[`slot reactivity composable: ja 1`] = `"<h1>Root</h1><form><select><option>en</option><option>ja</option></select></form><p>こんにちは！</p><div class=\\"child\\"><h1>Child</h1><form><select><option>en</option><option>ja</option></select></form><p>こんにちは！</p><div class=\\"sub-child\\"><h1>Sub Child</h1><form><select><option>en</option><option>ja</option></select></form><p>こんにちは！</p></div> t inside of slot <p>こんにちは！</p> i18n-t inside of slot <p>こんにちは！</p></div>"`;

exports[`slot reactivity legacy: en 1`] = `"<h1>Root</h1><form><select><option>en</option><option>ja</option></select></form><p>hello!</p><div class=\\"child\\"><h1>Child</h1><form><select><option>en</option><option>ja</option></select></form><p>hello!</p><div class=\\"sub-child\\"><h1>Sub Child</h1><form><select><option>en</option><option>ja</option></select></form><p>hello!</p></div> $t inside of slot <p>hello!</p> i18n-t inside of slot <p>hello!</p></div>"`;

exports[`slot reactivity legacy: ja 1`] = `"<h1>Root</h1><form><select><option>en</option><option>ja</option></select></form><p>こんにちは！</p><div class=\\"child\\"><h1>Child</h1><form><select><option>en</option><option>ja</option></select></form><p>こんにちは！</p><div class=\\"sub-child\\"><h1>Sub Child</h1><form><select><option>en</option><option>ja</option></select></form><p>こんにちは！</p></div> $t inside of slot <p>こんにちは！</p> i18n-t inside of slot <p>こんにちは！</p></div>"`;
