// Jest Snapshot v1, https://goo.gl/fbAQLP

exports[`generateCodeFrame 1`] = `
"1  |  hi, { 'kazupon' }
   |      ^^^^^^^^^^^^^"
`;
